// Jest Snapshot v1, https://goo.gl/fbAQLP

exports[`MyButtonDarkMode should match the snapshot 1`] = `
<button
  aria-checked="false"
  aria-label="Toggle dark mode"
  class="container__button switch"
  id="toggleDarkMode"
  role="switch"
  type="button"
>
  <svg
    class="switch__svg switch__svg--light switch__svg--selected"
    fill="#b8c1ec"
    id="light"
    stroke="currentColor"
    viewBox="0 0 24 24"
    xmlns="http://www.w3.org/2000/svg"
  >
    <path
      d="M12 3v1m0 16v1m9-9h-1M4 12H3m15.364 6.364l-.707-.707M6.343 6.343l-.707-.707m12.728 0l-.707.707M6.343 17.657l-.707.707M16 12a4 4 0 11-8 0 4 4 0 018 0z"
      stroke-linecap="round"
      stroke-linejoin="round"
      stroke-width="2"
    />
  </svg>
   
  <svg
    class="switch__svg switch__svg--dark"
    fill="#232946"
    id="dark"
    stroke="currentColor"
    viewBox="0 0 24 24"
    xmlns="http://www.w3.org/2000/svg"
  >
    <path
      d="M20.354 15.354A9 9 0 018.646 3.646 9.003 9.003 0 0012 21a9.003 9.003 0 008.354-5.646z"
      stroke-linecap="round"
      stroke-linejoin="round"
      stroke-width="2"
    />
  </svg>
</button>
`;
