// Jest Snapshot v1, https://goo.gl/fbAQLP

exports[`TheHeader should match the snapshot 1`] = `
<header
  class="header"
>
  <nav
    class="header__nav"
    style="transform: translate(0, 0); opacity: 1; visibility: inherit;"
  >
    <div
      class="header__link-wrapper"
    >
      <a
        class="header__link link"
      >
        <div
          class="link__icon-wrapper"
        >
          <svg
            class="link__icon"
            style="transform: translate(0%, -50%) ; opacity: 0; visibility: hidden;"
          >
            <use
              href="[object Object]#home"
            />
          </svg>
        </div>
         
        <span
          class="link__text"
        >
          home
        </span>
      </a>
    </div>
    <div
      class="header__link-wrapper"
    >
      <a
        class="header__link link"
      >
        <div
          class="link__icon-wrapper"
        >
          <svg
            class="link__icon"
            style="transform: translate(0%, -50%) ; opacity: 0; visibility: hidden;"
          >
            <use
              href="[object Object]#projects"
            />
          </svg>
        </div>
         
        <span
          class="link__text"
        >
          projects
        </span>
      </a>
    </div>
    <div
      class="header__link-wrapper"
    >
      <a
        class="header__link link"
      >
        <div
          class="link__icon-wrapper"
        >
          <svg
            class="link__icon"
            style="transform: translate(0%, -50%) ; opacity: 0; visibility: hidden;"
          >
            <use
              href="[object Object]#blog"
            />
          </svg>
        </div>
         
        <span
          class="link__text"
        >
          blog
        </span>
      </a>
    </div>
    <div
      class="header__link-wrapper"
    >
      <a
        class="header__link link"
      >
        <div
          class="link__icon-wrapper"
        >
          <svg
            class="link__icon"
            style="transform: translate(0%, -50%) ; opacity: 0; visibility: hidden;"
          >
            <use
              href="[object Object]#about"
            />
          </svg>
        </div>
         
        <span
          class="link__text"
        >
          about
        </span>
      </a>
    </div>
  </nav>
   
  <div
    class="header__settings"
  >
    <div
      class="header__lang"
    >
      <a
        class="header__link link"
      >
        
        EN
      
      </a>
       
      <span
        aria-hidden="true"
        class="header__separator"
      >
        |
      </span>
       
      <a
        class="header__link link"
      >
        
        ES
      
      </a>
    </div>
     
    <div />
  </div>
</header>
`;
