// Jest Snapshot v1, https://goo.gl/fbAQLP

exports[`TheHeader should match the snapshot 1`] = `
<header
  class="header"
>
  <div
    class="header__logo"
  >
    logo
  </div>
   
  <nav
    class="header__nav"
  >
    <div
      class="header__link-wrapper header__link-wrapper--active"
    >
      <a
        class="header__link link"
      >
        <div
          class="link__icon-wrapper"
        >
          <svg
            class="link__icon"
          >
            <use
              href="[object Object]#home"
            />
          </svg>
        </div>
         
        <span
          class="link__text"
        >
          home
        </span>
      </a>
    </div>
    <div
      class="header__link-wrapper"
    >
      <a
        class="header__link link"
      >
        <div
          class="link__icon-wrapper"
        >
          <svg
            class="link__icon"
          >
            <use
              href="[object Object]#projects"
            />
          </svg>
        </div>
         
        <span
          class="link__text"
        >
          projects
        </span>
      </a>
    </div>
    <div
      class="header__link-wrapper"
    >
      <a
        class="header__link link"
      >
        <div
          class="link__icon-wrapper"
        >
          <svg
            class="link__icon"
          >
            <use
              href="[object Object]#about"
            />
          </svg>
        </div>
         
        <span
          class="link__text"
        >
          about
        </span>
      </a>
    </div>
  </nav>
   
  <div />
</header>
`;
